a. Create a PROFILE named Password_Management where PASSWORD LIFE TIME will be 10 days, PASSWORDGRACETIME will be 8 days, PASSWORD REUSE MAX will be 3, PASSWORDLOCKTIME will for 1 day, FAILEDLOGIN ATTEMPTS for 2 times, PASSWORDREUSETIME 10 day. Prove each profile by appropriate comment execution. Submit the consequent execution comment in text file. Also show the comment for showing your created profile.

CREATE PROFILE Password_Management LIMIT
  2    PASSWORD_LIFE_TIME 10
  3    PASSWORD_GRACE_TIME 8
  4    PASSWORD_REUSE_MAX 3
  5    PASSWORD_LOCK_TIME 1
  6    PASSWORD_REUSE_TIME 10
  7    FAILED_LOGIN_ATTEMPTS 2;

Profile created.

create user luka identified by tanmoy123 profile password_management;

User created.grant create session to luka;

Grant succeeded.

SQL> connect luka/kaka;
ERROR:
ORA-01017: invalid username/password; logon denied


Warning: You are no longer connected to ORACLE.
SQL> connect system/12345;
Connected.
SQL> connect luka/lala;
ERROR:
ORA-01017: invalid username/password; logon denied


Warning: You are no longer connected to ORACLE.
SQL> connect system/12345;
Connected.
SQL> connect luka/kaka;
ERROR:
ORA-28000: the account is locked


Warning: You are no longer connected to ORACLE.


SQL> connect luka/tanmoy123;
Connected.

connect luka/tanmoy123;
ERROR:
ORA-28002: the password will expire within 8 days

SQL> connect luka/tanmoy123;
ERROR:
ORA-28001: the password has expired


Changing password for luka
New password:
Retype new password:
Password changed
Connected.

SQL> password
Changing password for LUKA
Old password:
New password:
Retype new password:
ERROR:
ORA-28007: the password cannot be reused


Password unchanged


SQL> password
Changing password for LUKA
Old password:
New password:
Retype new password:
Password changed

SQL> connect luka/tanmoy123;
Connected.


   